src/components/game/TruthOrDareGame.tsx(38,9): error TS2657: JSX expressions must have one parent element.
src/components/game/TruthOrDareGame.tsx(95,21): error TS2657: JSX expressions must have one parent element.
src/components/game/TruthOrDareGame.tsx(100,153): error TS1127: Invalid character.
src/components/game/TruthOrDareGame.tsx(100,223): error TS1381: Unexpected token. Did you mean `{'}'}` or `&rbrace;`?
src/components/game/TruthOrDareGame.tsx(100,224): error TS1381: Unexpected token. Did you mean `{'}'}` or `&rbrace;`?
src/components/game/TruthOrDareGame.tsx(100,225): error TS1382: Unexpected token. Did you mean `{'>'}` or `&gt;`?
src/components/game/TruthOrDareGame.tsx(110,25): error TS1005: ')' expected.
src/components/game/TruthOrDareGame.tsx(120,18): error TS1381: Unexpected token. Did you mean `{'}'}` or `&rbrace;`?
src/components/game/TruthOrDareGame.tsx(124,9): error TS1005: ')' expected.
src/components/game/TruthOrDareGame.tsx(125,5): error TS1109: Expression expected.
